Archive member included to satisfy reference by file (symbol)

C:/ST/STM32CubeIDE_1.14.1/STM32CubeIDE/plugins/com.st.stm32cube.ide.mcu.externaltools.gnu-tools-for-stm32.11.3.rel1.win32_1.1.100.202309141235/tools/bin/../lib/gcc/arm-none-eabi/11.3.1/../../../../arm-none-eabi/lib/thumb/v7e-m+dp/hard\libc_nano.a(libc_a-exit.o)
                              C:/ST/STM32CubeIDE_1.14.1/STM32CubeIDE/plugins/com.st.stm32cube.ide.mcu.externaltools.gnu-tools-for-stm32.11.3.rel1.win32_1.1.100.202309141235/tools/bin/../lib/gcc/arm-none-eabi/11.3.1/../../../../arm-none-eabi/lib/thumb/v7e-m+dp/hard/crt0.o (exit)
C:/ST/STM32CubeIDE_1.14.1/STM32CubeIDE/plugins/com.st.stm32cube.ide.mcu.externaltools.gnu-tools-for-stm32.11.3.rel1.win32_1.1.100.202309141235/tools/bin/../lib/gcc/arm-none-eabi/11.3.1/../../../../arm-none-eabi/lib/thumb/v7e-m+dp/hard\libc_nano.a(libc_a-findfp.o)
                              C:/ST/STM32CubeIDE_1.14.1/STM32CubeIDE/plugins/com.st.stm32cube.ide.mcu.externaltools.gnu-tools-for-stm32.11.3.rel1.win32_1.1.100.202309141235/tools/bin/../lib/gcc/arm-none-eabi/11.3.1/../../../../arm-none-eabi/lib/thumb/v7e-m+dp/hard\libc_nano.a(libc_a-exit.o) (__stdio_exit_handler)
C:/ST/STM32CubeIDE_1.14.1/STM32CubeIDE/plugins/com.st.stm32cube.ide.mcu.externaltools.gnu-tools-for-stm32.11.3.rel1.win32_1.1.100.202309141235/tools/bin/../lib/gcc/arm-none-eabi/11.3.1/../../../../arm-none-eabi/lib/thumb/v7e-m+dp/hard\libc_nano.a(libc_a-fwalk.o)
                              C:/ST/STM32CubeIDE_1.14.1/STM32CubeIDE/plugins/com.st.stm32cube.ide.mcu.externaltools.gnu-tools-for-stm32.11.3.rel1.win32_1.1.100.202309141235/tools/bin/../lib/gcc/arm-none-eabi/11.3.1/../../../../arm-none-eabi/lib/thumb/v7e-m+dp/hard\libc_nano.a(libc_a-findfp.o) (_fwalk_sglue)
C:/ST/STM32CubeIDE_1.14.1/STM32CubeIDE/plugins/com.st.stm32cube.ide.mcu.externaltools.gnu-tools-for-stm32.11.3.rel1.win32_1.1.100.202309141235/tools/bin/../lib/gcc/arm-none-eabi/11.3.1/../../../../arm-none-eabi/lib/thumb/v7e-m+dp/hard\libc_nano.a(libc_a-sprintf.o)
                              ./Example/User/main.o (sprintf)
C:/ST/STM32CubeIDE_1.14.1/STM32CubeIDE/plugins/com.st.stm32cube.ide.mcu.externaltools.gnu-tools-for-stm32.11.3.rel1.win32_1.1.100.202309141235/tools/bin/../lib/gcc/arm-none-eabi/11.3.1/../../../../arm-none-eabi/lib/thumb/v7e-m+dp/hard\libc_nano.a(libc_a-stdio.o)
                              C:/ST/STM32CubeIDE_1.14.1/STM32CubeIDE/plugins/com.st.stm32cube.ide.mcu.externaltools.gnu-tools-for-stm32.11.3.rel1.win32_1.1.100.202309141235/tools/bin/../lib/gcc/arm-none-eabi/11.3.1/../../../../arm-none-eabi/lib/thumb/v7e-m+dp/hard\libc_nano.a(libc_a-findfp.o) (__sread)
C:/ST/STM32CubeIDE_1.14.1/STM32CubeIDE/plugins/com.st.stm32cube.ide.mcu.externaltools.gnu-tools-for-stm32.11.3.rel1.win32_1.1.100.202309141235/tools/bin/../lib/gcc/arm-none-eabi/11.3.1/../../../../arm-none-eabi/lib/thumb/v7e-m+dp/hard\libc_nano.a(libc_a-memset.o)
                              C:/ST/STM32CubeIDE_1.14.1/STM32CubeIDE/plugins/com.st.stm32cube.ide.mcu.externaltools.gnu-tools-for-stm32.11.3.rel1.win32_1.1.100.202309141235/tools/bin/../lib/gcc/arm-none-eabi/11.3.1/../../../../arm-none-eabi/lib/thumb/v7e-m+dp/hard/crt0.o (memset)
C:/ST/STM32CubeIDE_1.14.1/STM32CubeIDE/plugins/com.st.stm32cube.ide.mcu.externaltools.gnu-tools-for-stm32.11.3.rel1.win32_1.1.100.202309141235/tools/bin/../lib/gcc/arm-none-eabi/11.3.1/../../../../arm-none-eabi/lib/thumb/v7e-m+dp/hard\libc_nano.a(libc_a-strstr.o)
                              ./Example/User/main.o (strstr)
C:/ST/STM32CubeIDE_1.14.1/STM32CubeIDE/plugins/com.st.stm32cube.ide.mcu.externaltools.gnu-tools-for-stm32.11.3.rel1.win32_1.1.100.202309141235/tools/bin/../lib/gcc/arm-none-eabi/11.3.1/../../../../arm-none-eabi/lib/thumb/v7e-m+dp/hard\libc_nano.a(libc_a-closer.o)
                              C:/ST/STM32CubeIDE_1.14.1/STM32CubeIDE/plugins/com.st.stm32cube.ide.mcu.externaltools.gnu-tools-for-stm32.11.3.rel1.win32_1.1.100.202309141235/tools/bin/../lib/gcc/arm-none-eabi/11.3.1/../../../../arm-none-eabi/lib/thumb/v7e-m+dp/hard\libc_nano.a(libc_a-stdio.o) (_close_r)
C:/ST/STM32CubeIDE_1.14.1/STM32CubeIDE/plugins/com.st.stm32cube.ide.mcu.externaltools.gnu-tools-for-stm32.11.3.rel1.win32_1.1.100.202309141235/tools/bin/../lib/gcc/arm-none-eabi/11.3.1/../../../../arm-none-eabi/lib/thumb/v7e-m+dp/hard\libc_nano.a(libc_a-reent.o)
                              C:/ST/STM32CubeIDE_1.14.1/STM32CubeIDE/plugins/com.st.stm32cube.ide.mcu.externaltools.gnu-tools-for-stm32.11.3.rel1.win32_1.1.100.202309141235/tools/bin/../lib/gcc/arm-none-eabi/11.3.1/../../../../arm-none-eabi/lib/thumb/v7e-m+dp/hard\libc_nano.a(libc_a-closer.o) (errno)
C:/ST/STM32CubeIDE_1.14.1/STM32CubeIDE/plugins/com.st.stm32cube.ide.mcu.externaltools.gnu-tools-for-stm32.11.3.rel1.win32_1.1.100.202309141235/tools/bin/../lib/gcc/arm-none-eabi/11.3.1/../../../../arm-none-eabi/lib/thumb/v7e-m+dp/hard\libc_nano.a(libc_a-impure.o)
[...]
Memory Configuration

Name             Origin             Length             Attributes
RAM              0x0000000020000000 0x0000000000080000 xrw
FLASH            0x0000000008000000 0x0000000000200000 xr
*default*        0x0000000000000000 0xffffffffffffffff

Linker script and memory map

LOAD C:/ST/STM32CubeIDE_1.14.1/STM32CubeIDE/plugins/com.st.stm32cube.ide.mcu.externaltools.gnu-tools-for-stm32.11.3.rel1.win32_1.1.100.202309141235/tools/bin/../lib/gcc/arm-none-eabi/11.3.1/thumb/v7e-m+dp/hard/crti.o
LOAD C:/ST/STM32CubeIDE_1.14.1/STM32CubeIDE/plugins/com.st.stm32cube.ide.mcu.externaltools.gnu-tools-for-stm32.11.3.rel1.win32_1.1.100.202309141235/tools/bin/../lib/gcc/arm-none-eabi/11.3.1/thumb/v7e-m+dp/hard/crtbegin.o
LOAD C:/ST/STM32CubeIDE_1.14.1/STM32CubeIDE/plugins/com.st.stm32cube.ide.mcu.externaltools.gnu-tools-for-stm32.11.3.rel1.win32_1.1.100.202309141235/tools/bin/../lib/gcc/arm-none-eabi/11.3.1/../../../../arm-none-eabi/lib/thumb/v7e-m+dp/hard/crt0.o
LOAD ./Drivers/CMSIS/system_stm32f7xx.o
LOAD ./Drivers/STM32F7xx_LL_Driver/stm32f7xx_ll_utils.o
LOAD ./Example/SW4STM32/startup_stm32f767xx.o
LOAD ./Example/SW4STM32/syscalls.o
LOAD ./Example/User/main.o
LOAD ./Example/User/stm32f7xx_it.o
START GROUP
LOAD C:/ST/STM32CubeIDE_1.14.1/STM32CubeIDE/plugins/com.st.stm32cube.ide.mcu.externaltools.gnu-tools-for-stm32.11.3.rel1.win32_1.1.100.202309141235/tools/bin/../lib/gcc/arm-none-eabi/11.3.1/../../../../arm-none-eabi/lib/thumb/v7e-m+dp/hard\libc_nano.a
LOAD C:/ST/STM32CubeIDE_1.14.1/STM32CubeIDE/plugins/com.st.stm32cube.ide.mcu.externaltools.gnu-tools-for-stm32.11.3.rel1.win32_1.1.100.202309141235/tools/bin/../lib/gcc/arm-none-eabi/11.3.1/../../../../arm-none-eabi/lib/thumb/v7e-m+dp/hard\libm.a
END GROUP
START GROUP
LOAD C:/ST/STM32CubeIDE_1.14.1/STM32CubeIDE/plugins/com.st.stm32cube.ide.mcu.externaltools.gnu-tools-for-stm32.11.3.rel1.win32_1.1.100.202309141235/tools/bin/../lib/gcc/arm-none-eabi/11.3.1/thumb/v7e-m+dp/hard\libgcc.a
LOAD C:/ST/STM32CubeIDE_1.14.1/STM32CubeIDE/plugins/com.st.stm32cube.ide.mcu.externaltools.gnu-tools-for-stm32.11.3.rel1.win32_1.1.100.202309141235/tools/bin/../lib/gcc/arm-none-eabi/11.3.1/../../../../arm-none-eabi/lib/thumb/v7e-m+dp/hard\libc_nano.a
END GROUP
START GROUP
LOAD C:/ST/STM32CubeIDE_1.14.1/STM32CubeIDE/plugins/com.st.stm32cube.ide.mcu.externaltools.gnu-tools-for-stm32.11.3.rel1.win32_1.1.100.202309141235/tools/bin/../lib/gcc/arm-none-eabi/11.3.1/thumb/v7e-m+dp/hard\libgcc.a
LOAD C:/ST/STM32CubeIDE_1.14.1/STM32CubeIDE/plugins/com.st.stm32cube.ide.mcu.externaltools.gnu-tools-for-stm32.11.3.rel1.win32_1.1.100.202309141235/tools/bin/../lib/gcc/arm-none-eabi/11.3.1/../../../../arm-none-eabi/lib/thumb/v7e-m+dp/hard\libc_nano.a
LOAD C:/ST/STM32CubeIDE_1.14.1/STM32CubeIDE/plugins/com.st.stm32cube.ide.mcu.externaltools.gnu-tools-for-stm32.11.3.rel1.win32_1.1.100.202309141235/tools/bin/../lib/gcc/arm-none-eabi/11.3.1/../../../../arm-none-eabi/lib/thumb/v7e-m+dp/hard\libnosys.a
END GROUP
START GROUP
LOAD C:/ST/STM32CubeIDE_1.14.1/STM32CubeIDE/plugins/com.st.stm32cube.ide.mcu.externaltools.gnu-tools-for-stm32.11.3.rel1.win32_1.1.100.202309141235/tools/bin/../lib/gcc/arm-none-eabi/11.3.1/thumb/v7e-m+dp/hard\libgcc.a
LOAD C:/ST/STM32CubeIDE_1.14.1/STM32CubeIDE/plugins/com.st.stm32cube.ide.mcu.externaltools.gnu-tools-for-stm32.11.3.rel1.win32_1.1.100.202309141235/tools/bin/../lib/gcc/arm-none-eabi/11.3.1/../../../../arm-none-eabi/lib/thumb/v7e-m+dp/hard\libc_nano.a
LOAD C:/ST/STM32CubeIDE_1.14.1/STM32CubeIDE/plugins/com.st.stm32cube.ide.mcu.externaltools.gnu-tools-for-stm32.11.3.rel1.win32_1.1.100.202309141235/tools/bin/../lib/gcc/arm-none-eabi/11.3.1/../../../../arm-none-eabi/lib/thumb/v7e-m+dp/hard\libnosys.a
END GROUP
LOAD C:/ST/STM32CubeIDE_1.14.1/STM32CubeIDE/plugins/com.st.stm32cube.ide.mcu.externaltools.gnu-tools-for-stm32.11.3.rel1.win32_1.1.100.202309141235/tools/bin/../lib/gcc/arm-none-eabi/11.3.1/thumb/v7e-m+dp/hard/crtend.o
LOAD C:/ST/STM32CubeIDE_1.14.1/STM32CubeIDE/plugins/com.st.stm32cube.ide.mcu.externaltools.gnu-tools-for-stm32.11.3.rel1.win32_1.1.100.202309141235/tools/bin/../lib/gcc/arm-none-eabi/11.3.1/thumb/v7e-m+dp/hard/crtn.o
                0x0000000020080000                _estack = 0x20080000
                0x0000000000000200                _Min_Heap_Size = 0x200
                0x0000000000000400                _Min_Stack_Size = 0x400

.isr_vector     0x0000000008000000      0x1f8
                0x0000000008000000                . = ALIGN (0x4)
 *(.isr_vector)
 .isr_vector    0x0000000008000000      0x1f8 ./Example/SW4STM32/startup_stm32f767xx.o
                0x0000000008000000                g_pfnVectors
                0x00000000080001f8                . = ALIGN (0x4)

.text           0x0000000008000200     0x1348
                0x0000000008000200                . = ALIGN (0x4)
 *(.text)
 .text          0x0000000008000200       0x40 C:/ST/STM32CubeIDE_1.14.1/STM32CubeIDE/plugins/com.st.stm32cube.ide.mcu.externaltools.gnu-tools-for-stm32.11.3.rel1.win32_1.1.100.202309141235/tools/bin/../lib/gcc/arm-none-eabi/11.3.1/thumb/v7e-m+dp/hard/crtbegin.o
 .text          0x0000000008000240       0xa0 C:/ST/STM32CubeIDE_1.14.1/STM32CubeIDE/plugins/com.st.stm32cube.ide.mcu.externaltools.gnu-tools-for-stm32.11.3.rel1.win32_1.1.100.202309141235/tools/bin/../lib/gcc/arm-none-eabi/11.3.1/../../../../arm-none-eabi/lib/thumb/v7e-m+dp/hard\libc_nano.a(libc_a-memchr.o)
                0x0000000008000240                memchr
 *(.text*)
 .text.SystemInit
                0x00000000080002e0       0x4c ./Drivers/CMSIS/system_stm32f7xx.o
                0x00000000080002e0                SystemInit
 .text.LL_mDelay
                0x000000000800032c       0x28 ./Drivers/STM32F7xx_LL_Driver/stm32f7xx_ll_utils.o
                0x000000000800032c                LL_mDelay
 .text.Reset_Handler
                0x0000000008000354       0x50 ./Example/SW4STM32/startup_stm32f767xx.o
                0x0000000008000354                Reset_Handler
 .text.Default_Handler
                0x00000000080003a4        0x2 ./Example/SW4STM32/startup_stm32f767xx.o
                0x00000000080003a4                RTC_Alarm_IRQHandler
                0x00000000080003a4                EXTI2_IRQHandler
                0x00000000080003a4                TIM8_CC_IRQHandler
                0x00000000080003a4                UART8_IRQHandler
                0x00000000080003a4                SPI4_IRQHandler
                0x00000000080003a4                TIM1_CC_IRQHandler
                0x00000000080003a4                DMA2_Stream5_IRQHandler
                0x00000000080003a4                JPEG_IRQHandler
                0x00000000080003a4                DMA1_Stream5_IRQHandler
                0x00000000080003a4                CAN3_RX1_IRQHandler
                0x00000000080003a4                PVD_IRQHandler
                0x00000000080003a4                TAMP_STAMP_IRQHandler
                0x00000000080003a4                CAN2_RX1_IRQHandler
                0x00000000080003a4                EXTI3_IRQHandler
                0x00000000080003a4                TIM8_TRG_COM_TIM14_IRQHandler
                0x00000000080003a4                DFSDM1_FLT1_IRQHandler
                0x00000000080003a4                TIM1_UP_TIM10_IRQHandler
                0x00000000080003a4                TIM8_UP_TIM13_IRQHandler
                0x00000000080003a4                I2C3_ER_IRQHandler
                0x00000000080003a4                DFSDM1_FLT2_IRQHandler
                0x00000000080003a4                EXTI0_IRQHandler
                0x00000000080003a4                I2C2_EV_IRQHandler
                0x00000000080003a4                DMA1_Stream2_IRQHandler
                0x00000000080003a4                CAN1_RX0_IRQHandler
                0x00000000080003a4                FPU_IRQHandler
                0x00000000080003a4                OTG_HS_WKUP_IRQHandler
                0x00000000080003a4                CAN3_SCE_IRQHandler
                0x00000000080003a4                LTDC_ER_IRQHandler
                0x00000000080003a4                CAN2_SCE_IRQHandler
                0x00000000080003a4                DMA2_Stream2_IRQHandler
                0x00000000080003a4                SPI1_IRQHandler
                0x00000000080003a4                TIM6_DAC_IRQHandler
                0x00000000080003a4                TIM1_BRK_TIM9_IRQHandler
                0x00000000080003a4                DCMI_IRQHandler
                0x00000000080003a4                CAN2_RX0_IRQHandler
                0x00000000080003a4                DMA2_Stream3_IRQHandler
                0x00000000080003a4                SAI2_IRQHandler
                0x00000000080003a4                DFSDM1_FLT3_IRQHandler
                0x00000000080003a4                USART6_IRQHandler
                0x00000000080003a4                CAN3_RX0_IRQHandler
                0x00000000080003a4                CAN1_RX1_IRQHandler
                0x00000000080003a4                UART5_IRQHandler
                0x00000000080003a4                DMA2_Stream0_IRQHandler
                0x00000000080003a4                TIM4_IRQHandler
                0x00000000080003a4                QUADSPI_IRQHandler
                0x00000000080003a4                I2C1_EV_IRQHandler
                0x00000000080003a4                DMA1_Stream6_IRQHandler
                0x00000000080003a4                DMA1_Stream1_IRQHandler
                0x00000000080003a4                UART4_IRQHandler
                0x00000000080003a4                TIM3_IRQHandler
                0x00000000080003a4                RCC_IRQHandler
                0x00000000080003a4                TIM8_BRK_TIM12_IRQHandler
                0x00000000080003a4                Default_Handler
                0x00000000080003a4                CEC_IRQHandler
                0x00000000080003a4                ADC_IRQHandler
                0x00000000080003a4                DMA1_Stream7_IRQHandler
                0x00000000080003a4                SPI5_IRQHandler
                0x00000000080003a4                TIM7_IRQHandler
                0x00000000080003a4                SDMMC1_IRQHandler
                0x00000000080003a4                CAN2_TX_IRQHandler
                0x00000000080003a4                TIM5_IRQHandler
                0x00000000080003a4                DMA2_Stream7_IRQHandler
                0x00000000080003a4                I2C3_EV_IRQHandler
                0x00000000080003a4                EXTI9_5_IRQHandler
                0x00000000080003a4                RTC_WKUP_IRQHandler
                0x00000000080003a4                LTDC_IRQHandler
                0x00000000080003a4                ETH_WKUP_IRQHandler
                0x00000000080003a4                SPDIF_RX_IRQHandler
                0x00000000080003a4                SPI2_IRQHandler
                0x00000000080003a4                OTG_HS_EP1_IN_IRQHandler
                0x00000000080003a4                DMA1_Stream0_IRQHandler
                0x00000000080003a4                CAN1_TX_IRQHandler
                0x00000000080003a4                EXTI4_IRQHandler
                0x00000000080003a4                RNG_IRQHandler
                0x00000000080003a4                ETH_IRQHandler
                0x00000000080003a4                OTG_HS_EP1_OUT_IRQHandler
                0x00000000080003a4                WWDG_IRQHandler
                0x00000000080003a4                SPI6_IRQHandler
                0x00000000080003a4                MDIOS_IRQHandler
                0x00000000080003a4                I2C4_EV_IRQHandler
                0x00000000080003a4                CAN3_TX_IRQHandler
                0x00000000080003a4                TIM2_IRQHandler
                0x00000000080003a4                OTG_FS_WKUP_IRQHandler
                0x00000000080003a4                TIM1_TRG_COM_TIM11_IRQHandler
                0x00000000080003a4                OTG_HS_IRQHandler
                0x00000000080003a4                DMA2D_IRQHandler
                0x00000000080003a4                EXTI1_IRQHandler
                0x00000000080003a4                SDMMC2_IRQHandler
                0x00000000080003a4                UART7_IRQHandler
                0x00000000080003a4                USART2_IRQHandler
                0x00000000080003a4                DFSDM1_FLT0_IRQHandler
                0x00000000080003a4                I2C2_ER_IRQHandler
                0x00000000080003a4                DMA2_Stream1_IRQHandler
                0x00000000080003a4                CAN1_SCE_IRQHandler
                0x00000000080003a4                FLASH_IRQHandler
                0x00000000080003a4                DMA2_Stream4_IRQHandler
                0x00000000080003a4                USART1_IRQHandler
                0x00000000080003a4                OTG_FS_IRQHandler
                0x00000000080003a4                SPI3_IRQHandler
                0x00000000080003a4                DMA1_Stream4_IRQHandler
                0x00000000080003a4                I2C1_ER_IRQHandler
                0x00000000080003a4                FMC_IRQHandler
                0x00000000080003a4                LPTIM1_IRQHandler
                0x00000000080003a4                I2C4_ER_IRQHandler
                0x00000000080003a4                DMA2_Stream6_IRQHandler
                0x00000000080003a4                SAI1_IRQHandler
                0x00000000080003a4                DMA1_Stream3_IRQHandler
 *fill*         0x00000000080003a6        0x2 
 .text._sbrk    0x00000000080003a8       0x34 ./Example/SW4STM32/syscalls.o
                0x00000000080003a8                _sbrk
 .text.LL_AHB1_GRP1_EnableClock
                0x00000000080003dc       0x1c ./Example/User/main.o
 .text.LL_GPIO_SetPinMode
                0x00000000080003f8       0x2a ./Example/User/main.o
 .text.LL_GPIO_SetPinSpeed
                0x0000000008000422       0x2a ./Example/User/main.o
 .text.LL_GPIO_SetPinPull
                0x000000000800044c       0x2a ./Example/User/main.o
 *fill*         0x0000000008000476        0x2 
 .text.IsCommandComplete
                0x0000000008000478       0x2c ./Example/User/main.o
                0x0000000008000478                IsCommandComplete
 .text.ParseAndExecuteCommand
                0x00000000080004a4      0x154 ./Example/User/main.o
                0x00000000080004a4                ParseAndExecuteCommand
 .text.Configure_USART
                0x00000000080005f8      0x184 ./Example/User/main.o
                0x00000000080005f8                Configure_USART
 .text.LED_Init
                0x000000000800077c       0x78 ./Example/User/main.o
                0x000000000800077c                LED_Init
 .text.LED_Blinking
                0x00000000080007f4       0x24 ./Example/User/main.o
                0x00000000080007f4                LED_Blinking
 .text.UserButton_Init
                0x0000000008000818       0x88 ./Example/User/main.o
                0x0000000008000818                UserButton_Init
 .text.SystemClock_Config
                0x00000000080008a0       0xf4 ./Example/User/main.o
                0x00000000080008a0                SystemClock_Config
 .text.startup.main
                0x0000000008000994      0x168 ./Example/User/main.o
                0x0000000008000994                main
 .text.UserButton_Callback
                0x0000000008000afc       0x18 ./Example/User/main.o
                0x0000000008000afc                UserButton_Callback
 .text.UART_RxCpltCallback
                0x0000000008000b14       0x40 ./Example/User/main.o
                0x0000000008000b14                UART_RxCpltCallback
 .text.Error_Callback
                0x0000000008000b54       0x30 ./Example/User/main.o
                0x0000000008000b54                Error_Callback
 .text.NMI_Handler
                0x0000000008000b84        0x2 ./Example/User/stm32f7xx_it.o
                0x0000000008000b84                NMI_Handler
 .text.HardFault_Handler
                0x0000000008000b86        0x2 ./Example/User/stm32f7xx_it.o
                0x0000000008000b86                HardFault_Handler
 .text.MemManage_Handler
                0x0000000008000b88        0x2 ./Example/User/stm32f7xx_it.o
                0x0000000008000b88                MemManage_Handler
 .text.BusFault_Handler
                0x0000000008000b8a        0x2 ./Example/User/stm32f7xx_it.o
                0x0000000008000b8a                BusFault_Handler
 .text.UsageFault_Handler
                0x0000000008000b8c        0x2 ./Example/User/stm32f7xx_it.o
                0x0000000008000b8c                UsageFault_Handler
 .text.SVC_Handler
                0x0000000008000b8e        0x2 ./Example/User/stm32f7xx_it.o
                0x0000000008000b8e                SVC_Handler
 .text.DebugMon_Handler
                0x0000000008000b90        0x2 ./Example/User/stm32f7xx_it.o
                0x0000000008000b90                DebugMon_Handler
 .text.PendSV_Handler
                0x0000000008000b92        0x2 ./Example/User/stm32f7xx_it.o
                0x0000000008000b92                PendSV_Handler
 .text.SysTick_Handler
                0x0000000008000b94        0x2 ./Example/User/stm32f7xx_it.o
                0x0000000008000b94                SysTick_Handler
 *fill*         0x0000000008000b96        0x2 
 .text.EXTI15_10_IRQHandler
                0x0000000008000b98       0x18 ./Example/User/stm32f7xx_it.o
                0x0000000008000b98                EXTI15_10_IRQHandler
 .text.USART3_IRQHandler
                0x0000000008000bb0       0x1c ./Example/User/stm32f7xx_it.o
                0x0000000008000bb0                USART3_IRQHandler
 .text.sprintf  0x0000000008000bcc       0x40 C:/ST/STM32CubeIDE_1.14.1/STM32CubeIDE/plugins/com.st.stm32cube.ide.mcu.externaltools.gnu-tools-for-stm32.11.3.rel1.win32_1.1.100.202309141235/tools/bin/../lib/gcc/arm-none-eabi/11.3.1/../../../../arm-none-eabi/lib/thumb/v7e-m+dp/hard\libc_nano.a(libc_a-sprintf.o)
                0x0000000008000bcc                siprintf
                0x0000000008000bcc                sprintf
 .text.strstr   0x0000000008000c0c       0x2c C:/ST/STM32CubeIDE_1.14.1/STM32CubeIDE/plugins/com.st.stm32cube.ide.mcu.externaltools.gnu-tools-for-stm32.11.3.rel1.win32_1.1.100.202309141235/tools/bin/../lib/gcc/arm-none-eabi/11.3.1/../../../../arm-none-eabi/lib/thumb/v7e-m+dp/hard\libc_nano.a(libc_a-strstr.o)
                0x0000000008000c0c                strstr
 .text.__errno  0x0000000008000c38        0xc C:/ST/STM32CubeIDE_1.14.1/STM32CubeIDE/plugins/com.st.stm32cube.ide.mcu.externaltools.gnu-tools-for-stm32.11.3.rel1.win32_1.1.100.202309141235/tools/bin/../lib/gcc/arm-none-eabi/11.3.1/../../../../arm-none-eabi/lib/thumb/v7e-m+dp/hard\libc_nano.a(libc_a-errno.o)
                0x0000000008000c38                __errno
 .text.__libc_init_array
                0x0000000008000c44       0x48 C:/ST/STM32CubeIDE_1.14.1/STM32CubeIDE/plugins/com.st.stm32cube.ide.mcu.externaltools.gnu-tools-for-stm32.11.3.rel1.win32_1.1.100.202309141235/tools/bin/../lib/gcc/arm-none-eabi/11.3.1/../../../../arm-none-eabi/lib/thumb/v7e-m+dp/hard\libc_nano.a(libc_a-init.o)
                0x0000000008000c44                __libc_init_array
 .text.__retarget_lock_acquire_recursive
                0x0000000008000c8c        0x2 C:/ST/STM32CubeIDE_1.14.1/STM32CubeIDE/plugins/com.st.stm32cube.ide.mcu.externaltools.gnu-tools-for-stm32.11.3.rel1.win32_1.1.100.202309141235/tools/bin/../lib/gcc/arm-none-eabi/11.3.1/../../../../arm-none-eabi/lib/thumb/v7e-m+dp/hard\libc_nano.a(libc_a-lock.o)
                0x0000000008000c8c                __retarget_lock_acquire_recursive
 .text.__retarget_lock_release_recursive
                0x0000000008000c8e        0x2 C:/ST/STM32CubeIDE_1.14.1/STM32CubeIDE/plugins/com.st.stm32cube.ide.mcu.externaltools.gnu-tools-for-stm32.11.3.rel1.win32_1.1.100.202309141235/tools/bin/../lib/gcc/arm-none-eabi/11.3.1/../../../../arm-none-eabi/lib/thumb/v7e-m+dp/hard\libc_nano.a(libc_a-lock.o)
                0x0000000008000c8e                __retarget_lock_release_recursive
 .text._free_r  0x0000000008000c90       0x98 C:/ST/STM32CubeIDE_1.14.1/STM32CubeIDE/plugins/com.st.stm32cube.ide.mcu.externaltools.gnu-tools-for-stm32.11.3.rel1.win32_1.1.100.202309141235/tools/bin/../lib/gcc/arm-none-eabi/11.3.1/../../../../arm-none-eabi/lib/thumb/v7e-m+dp/hard\libc_nano.a(libc_a-freer.o)
                0x0000000008000c90                _free_r
 .text.sbrk_aligned
                0x0000000008000d28       0x40 C:/ST/STM32CubeIDE_1.14.1/STM32CubeIDE/plugins/com.st.stm32cube.ide.mcu.externaltools.gnu-tools-for-stm32.11.3.rel1.win32_1.1.100.202309141235/tools/bin/../lib/gcc/arm-none-eabi/11.3.1/../../../../arm-none-eabi/lib/thumb/v7e-m+dp/hard\libc_nano.a(libc_a-mallocr.o)
 .text._malloc_r
                0x0000000008000d68      0x100 C:/ST/STM32CubeIDE_1.14.1/STM32CubeIDE/plugins/com.st.stm32cube.ide.mcu.externaltools.gnu-tools-for-stm32.11.3.rel1.win32_1.1.100.202309141235/tools/bin/../lib/gcc/arm-none-eabi/11.3.1/../../../../arm-none-eabi/lib/thumb/v7e-m+dp/hard\libc_nano.a(libc_a-mallocr.o)
                0x0000000008000d68                _malloc_r
 .text.__malloc_lock
                0x0000000008000e68        0xc C:/ST/STM32CubeIDE_1.14.1/STM32CubeIDE/plugins/com.st.stm32cube.ide.mcu.externaltools.gnu-tools-for-stm32.11.3.rel1.win32_1.1.100.202309141235/tools/bin/../lib/gcc/arm-none-eabi/11.3.1/../../../../arm-none-eabi/lib/thumb/v7e-m+dp/hard\libc_nano.a(libc_a-mlock.o)
                0x0000000008000e68                __malloc_lock
 .text.__malloc_unlock
                0x0000000008000e74        0xc C:/ST/STM32CubeIDE_1.14.1/STM32CubeIDE/plugins/com.st.stm32cube.ide.mcu.externaltools.gnu-tools-for-stm32.11.3.rel1.win32_1.1.100.202309141235/tools/bin/../lib/gcc/arm-none-eabi/11.3.1/../../../../arm-none-eabi/lib/thumb/v7e-m+dp/hard\libc_nano.a(libc_a-mlock.o)
                0x0000000008000e74                __malloc_unlock
 .text.__ssputs_r
                0x0000000008000e80       0xb4 C:/ST/STM32CubeIDE_1.14.1/STM32CubeIDE/plugins/com.st.stm32cube.ide.mcu.externaltools.gnu-tools-for-stm32.11.3.rel1.win32_1.1.100.202309141235/tools/bin/../lib/gcc/arm-none-eabi/11.3.1/../../../../arm-none-eabi/lib/thumb/v7e-m+dp/hard\libc_nano.a(libc_a-nano-svfprintf.o)
                0x0000000008000e80                __ssputs_r
 .text._svfprintf_r
                0x0000000008000f34      0x1fc C:/ST/STM32CubeIDE_1.14.1/STM32CubeIDE/plugins/com.st.stm32cube.ide.mcu.externaltools.gnu-tools-for-stm32.11.3.rel1.win32_1.1.100.202309141235/tools/bin/../lib/gcc/arm-none-eabi/11.3.1/../../../../arm-none-eabi/lib/thumb/v7e-m+dp/hard\libc_nano.a(libc_a-nano-svfprintf.o)
                0x0000000008000f34                _svfiprintf_r
                0x0000000008000f34                _svfprintf_r
 .text._printf_common
                0x0000000008001130       0xda C:/ST/STM32CubeIDE_1.14.1/STM32CubeIDE/plugins/com.st.stm32cube.ide.mcu.externaltools.gnu-tools-for-stm32.11.3.rel1.win32_1.1.100.202309141235/tools/bin/../lib/gcc/arm-none-eabi/11.3.1/../../../../arm-none-eabi/lib/thumb/v7e-m+dp/hard\libc_nano.a(libc_a-nano-vfprintf_i.o)
                0x0000000008001130                _printf_common
 *fill*         0x000000000800120a        0x2 
 .text._printf_i
                0x000000000800120c      0x244 C:/ST/STM32CubeIDE_1.14.1/STM32CubeIDE/plugins/com.st.stm32cube.ide.mcu.externaltools.gnu-tools-for-stm32.11.3.rel1.win32_1.1.100.202309141235/tools/bin/../lib/gcc/arm-none-eabi/11.3.1/../../../../arm-none-eabi/lib/thumb/v7e-m+dp/hard\libc_nano.a(libc_a-nano-vfprintf_i.o)
                0x000000000800120c                _printf_i
 .text.memmove  0x0000000008001450       0x34 C:/ST/STM32CubeIDE_1.14.1/STM32CubeIDE/plugins/com.st.stm32cube.ide.mcu.externaltools.gnu-tools-for-stm32.11.3.rel1.win32_1.1.100.202309141235/tools/bin/../lib/gcc/arm-none-eabi/11.3.1/../../../../arm-none-eabi/lib/thumb/v7e-m+dp/hard\libc_nano.a(libc_a-memmove.o)
                0x0000000008001450                memmove
 .text._sbrk_r  0x0000000008001484       0x20 C:/ST/STM32CubeIDE_1.14.1/STM32CubeIDE/plugins/com.st.stm32cube.ide.mcu.externaltools.gnu-tools-for-stm32.11.3.rel1.win32_1.1.100.202309141235/tools/bin/../lib/gcc/arm-none-eabi/11.3.1/../../../../arm-none-eabi/lib/thumb/v7e-m+dp/hard\libc_nano.a(libc_a-sbrkr.o)
                0x0000000008001484                _sbrk_r
 .text.memcpy   0x00000000080014a4       0x1c C:/ST/STM32CubeIDE_1.14.1/STM32CubeIDE/plugins/com.st.stm32cube.ide.mcu.externaltools.gnu-tools-for-stm32.11.3.rel1.win32_1.1.100.202309141235/tools/bin/../lib/gcc/arm-none-eabi/11.3.1/../../../../arm-none-eabi/lib/thumb/v7e-m+dp/hard\libc_nano.a(libc_a-memcpy-stub.o)
                0x00000000080014a4                memcpy
 .text._realloc_r
                0x00000000080014c0       0x5e C:/ST/STM32CubeIDE_1.14.1/STM32CubeIDE/plugins/com.st.stm32cube.ide.mcu.externaltools.gnu-tools-for-stm32.11.3.rel1.win32_1.1.100.202309141235/tools/bin/../lib/gcc/arm-none-eabi/11.3.1/../../../../arm-none-eabi/lib/thumb/v7e-m+dp/hard\libc_nano.a(libc_a-reallocr.o)
                0x00000000080014c0                _realloc_r
 .text._malloc_usable_size_r
                0x000000000800151e       0x10 C:/ST/STM32CubeIDE_1.14.1/STM32CubeIDE/plugins/com.st.stm32cube.ide.mcu.externaltools.gnu-tools-for-stm32.11.3.rel1.win32_1.1.100.202309141235/tools/bin/../lib/gcc/arm-none-eabi/11.3.1/../../../../arm-none-eabi/lib/thumb/v7e-m+dp/hard\libc_nano.a(libc_a-msizer.o)
                0x000000000800151e                _malloc_usable_size_r
 *(.glue_7)
 .glue_7        0x000000000800152e        0x0 linker stubs
 *(.glue_7t)
 .glue_7t       0x000000000800152e        0x0 linker stubs
 *(.eh_frame)
 *fill*         0x000000000800152e        0x2 
 .eh_frame      0x0000000008001530        0x0 C:/ST/STM32CubeIDE_1.14.1/STM32CubeIDE/plugins/com.st.stm32cube.ide.mcu.externaltools.gnu-tools-for-stm32.11.3.rel1.win32_1.1.100.202309141235/tools/bin/../lib/gcc/arm-none-eabi/11.3.1/thumb/v7e-m+dp/hard/crtbegin.o
 *(.init)
 .init          0x0000000008001530        0x4 C:/ST/STM32CubeIDE_1.14.1/STM32CubeIDE/plugins/com.st.stm32cube.ide.mcu.externaltools.gnu-tools-for-stm32.11.3.rel1.win32_1.1.100.202309141235/tools/bin/../lib/gcc/arm-none-eabi/11.3.1/thumb/v7e-m+dp/hard/crti.o
                0x0000000008001530                _init
 .init          0x0000000008001534        0x8 C:/ST/STM32CubeIDE_1.14.1/STM32CubeIDE/plugins/com.st.stm32cube.ide.mcu.externaltools.gnu-tools-for-stm32.11.3.rel1.win32_1.1.100.202309141235/tools/bin/../lib/gcc/arm-none-eabi/11.3.1/thumb/v7e-m+dp/hard/crtn.o
 *(.fini)
 .fini          0x000000000800153c        0x4 C:/ST/STM32CubeIDE_1.14.1/STM32CubeIDE/plugins/com.st.stm32cube.ide.mcu.externaltools.gnu-tools-for-stm32.11.3.rel1.win32_1.1.100.202309141235/tools/bin/../lib/gcc/arm-none-eabi/11.3.1/thumb/v7e-m+dp/hard/crti.o
                0x000000000800153c                _fini
 .fini          0x0000000008001540        0x8 C:/ST/STM32CubeIDE_1.14.1/STM32CubeIDE/plugins/com.st.stm32cube.ide.mcu.externaltools.gnu-tools-for-stm32.11.3.rel1.win32_1.1.100.202309141235/tools/bin/../lib/gcc/arm-none-eabi/11.3.1/thumb/v7e-m+dp/hard/crtn.o
                0x0000000008001548                . = ALIGN (0x4)
                0x0000000008001548                _etext = .

.vfp11_veneer   0x0000000008001548        0x0
 .vfp11_veneer  0x0000000008001548        0x0 linker stubs

.v4_bx          0x0000000008001548        0x0
 .v4_bx         0x0000000008001548        0x0 linker stubs

.iplt           0x0000000008001548        0x0
 .iplt          0x0000000008001548        0x0 C:/ST/STM32CubeIDE_1.14.1/STM32CubeIDE/plugins/com.st.stm32cube.ide.mcu.externaltools.gnu-tools-for-stm32.11.3.rel1.win32_1.1.100.202309141235/tools/bin/../lib/gcc/arm-none-eabi/11.3.1/thumb/v7e-m+dp/hard/crtbegin.o

.rodata         0x0000000008001548       0xf8
                0x0000000008001548                . = ALIGN (0x4)
 *(.rodata)
 *(.rodata*)
 .rodata.str1.1
                0x0000000008001548       0xc5 ./Example/User/main.o
 .rodata._svfprintf_r.str1.1
                0x000000000800160d       0x11 C:/ST/STM32CubeIDE_1.14.1/STM32CubeIDE/plugins/com.st.stm32cube.ide.mcu.externaltools.gnu-tools-for-stm32.11.3.rel1.win32_1.1.100.202309141235/tools/bin/../lib/gcc/arm-none-eabi/11.3.1/../../../../arm-none-eabi/lib/thumb/v7e-m+dp/hard\libc_nano.a(libc_a-nano-svfprintf.o)
 .rodata._printf_i.str1.1
                0x000000000800161e       0x22 C:/ST/STM32CubeIDE_1.14.1/STM32CubeIDE/plugins/com.st.stm32cube.ide.mcu.externaltools.gnu-tools-for-stm32.11.3.rel1.win32_1.1.100.202309141235/tools/bin/../lib/gcc/arm-none-eabi/11.3.1/../../../../arm-none-eabi/lib/thumb/v7e-m+dp/hard\libc_nano.a(libc_a-nano-vfprintf_i.o)
                0x0000000008001640                . = ALIGN (0x4)

.rel.dyn        0x0000000008001640        0x0
 .rel.iplt      0x0000000008001640        0x0 C:/ST/STM32CubeIDE_1.14.1/STM32CubeIDE/plugins/com.st.stm32cube.ide.mcu.externaltools.gnu-tools-for-stm32.11.3.rel1.win32_1.1.100.202309141235/tools/bin/../lib/gcc/arm-none-eabi/11.3.1/thumb/v7e-m+dp/hard/crtbegin.o

.ARM.extab
 *(.ARM.extab* .gnu.linkonce.armextab.*)

.ARM            0x0000000008001640        0x0
                0x0000000008001640                __exidx_start = .
 *(.ARM.exidx*)
                0x0000000008001640                __exidx_end = .

.preinit_array  0x0000000008001640        0x0
                0x0000000008001640                PROVIDE (__preinit_array_start = .)
 *(.preinit_array*)
                0x0000000008001640                PROVIDE (__preinit_array_end = .)

.init_array     0x0000000008001640        0x4
                0x0000000008001640                PROVIDE (__init_array_start = .)
 *(SORT_BY_NAME(.init_array.*))
 *(.init_array*)
 .init_array    0x0000000008001640        0x4 C:/ST/STM32CubeIDE_1.14.1/STM32CubeIDE/plugins/com.st.stm32cube.ide.mcu.externaltools.gnu-tools-for-stm32.11.3.rel1.win32_1.1.100.202309141235/tools/bin/../lib/gcc/arm-none-eabi/11.3.1/thumb/v7e-m+dp/hard/crtbegin.o
                0x0000000008001644                PROVIDE (__init_array_end = .)

.fini_array     0x0000000008001644        0x4
                [!provide]                        PROVIDE (__fini_array_start = .)
 *(SORT_BY_NAME(.fini_array.*))
 *(.fini_array*)
 .fini_array    0x0000000008001644        0x4 C:/ST/STM32CubeIDE_1.14.1/STM32CubeIDE/plugins/com.st.stm32cube.ide.mcu.externaltools.gnu-tools-for-stm32.11.3.rel1.win32_1.1.100.202309141235/tools/bin/../lib/gcc/arm-none-eabi/11.3.1/thumb/v7e-m+dp/hard/crtbegin.o
                [!provide]                        PROVIDE (__fini_array_end = .)
                0x0000000008001648                _sidata = LOADADDR (.data)

.data           0x0000000020000000       0x54 load address 0x0000000008001648
                0x0000000020000000                . = ALIGN (0x4)
                0x0000000020000000                _sdata = .
 *(.data)
 .data          0x0000000020000000        0x4 ./Drivers/CMSIS/system_stm32f7xx.o
                0x0000000020000000                SystemCoreClock
 *(.data*)
 .data._impure_data
                0x0000000020000004       0x4c C:/ST/STM32CubeIDE_1.14.1/STM32CubeIDE/plugins/com.st.stm32cube.ide.mcu.externaltools.gnu-tools-for-stm32.11.3.rel1.win32_1.1.100.202309141235/tools/bin/../lib/gcc/arm-none-eabi/11.3.1/../../../../arm-none-eabi/lib/thumb/v7e-m+dp/hard\libc_nano.a(libc_a-impure.o)
                0x0000000020000004                _impure_data
 .data._impure_ptr
                0x0000000020000050        0x4 C:/ST/STM32CubeIDE_1.14.1/STM32CubeIDE/plugins/com.st.stm32cube.ide.mcu.externaltools.gnu-tools-for-stm32.11.3.rel1.win32_1.1.100.202309141235/tools/bin/../lib/gcc/arm-none-eabi/11.3.1/../../../../arm-none-eabi/lib/thumb/v7e-m+dp/hard\libc_nano.a(libc_a-impure.o)
                0x0000000020000050                _impure_ptr
                0x0000000020000054                . = ALIGN (0x4)
                0x0000000020000054                _edata = .

.igot.plt       0x0000000020000054        0x0 load address 0x000000000800169c
 .igot.plt      0x0000000020000054        0x0 C:/ST/STM32CubeIDE_1.14.1/STM32CubeIDE/plugins/com.st.stm32cube.ide.mcu.externaltools.gnu-tools-for-stm32.11.3.rel1.win32_1.1.100.202309141235/tools/bin/../lib/gcc/arm-none-eabi/11.3.1/thumb/v7e-m+dp/hard/crtbegin.o
                0x0000000020000054                . = ALIGN (0x4)

.bss            0x0000000020000054      0x1b8 load address 0x000000000800169c
                0x0000000020000054                _sbss = .
                0x0000000020000054                __bss_start__ = _sbss
 *(.bss)
 .bss           0x0000000020000054       0x1c C:/ST/STM32CubeIDE_1.14.1/STM32CubeIDE/plugins/com.st.stm32cube.ide.mcu.externaltools.gnu-tools-for-stm32.11.3.rel1.win32_1.1.100.202309141235/tools/bin/../lib/gcc/arm-none-eabi/11.3.1/thumb/v7e-m+dp/hard/crtbegin.o
 .bss           0x0000000020000070        0x8 ./Example/SW4STM32/syscalls.o
                0x0000000020000074                __env
 .bss           0x0000000020000078       0x49 ./Example/User/main.o
                0x0000000020000078                RxBufferReadIndex
                0x000000002000007c                RxBufferWriteIndex
                0x0000000020000080                RxBuffer
                0x00000000200000c0                CommandComplete
 *(.bss*)
 *fill*         0x00000000200000c1        0x3 
 .bss.__sf      0x00000000200000c4      0x138 C:/ST/STM32CubeIDE_1.14.1/STM32CubeIDE/plugins/com.st.stm32cube.ide.mcu.externaltools.gnu-tools-for-stm32.11.3.rel1.win32_1.1.100.202309141235/tools/bin/../lib/gcc/arm-none-eabi/11.3.1/../../../../arm-none-eabi/lib/thumb/v7e-m+dp/hard\libc_nano.a(libc_a-findfp.o)
                0x00000000200000c4                __sf
 .bss.errno     0x00000000200001fc        0x4 C:/ST/STM32CubeIDE_1.14.1/STM32CubeIDE/plugins/com.st.stm32cube.ide.mcu.externaltools.gnu-tools-for-stm32.11.3.rel1.win32_1.1.100.202309141235/tools/bin/../lib/gcc/arm-none-eabi/11.3.1/../../../../arm-none-eabi/lib/thumb/v7e-m+dp/hard\libc_nano.a(libc_a-reent.o)
                0x00000000200001fc                errno
 .bss.__lock___malloc_recursive_mutex
                0x0000000020000200        0x1 C:/ST/STM32CubeIDE_1.14.1/STM32CubeIDE/plugins/com.st.stm32cube.ide.mcu.externaltools.gnu-tools-for-stm32.11.3.rel1.win32_1.1.100.202309141235/tools/bin/../lib/gcc/arm-none-eabi/11.3.1/../../../../arm-none-eabi/lib/thumb/v7e-m+dp/hard\libc_nano.a(libc_a-lock.o)
                0x0000000020000200                __lock___malloc_recursive_mutex
 *fill*         0x0000000020000201        0x3 
 .bss.__malloc_free_list
                0x0000000020000204        0x4 C:/ST/STM32CubeIDE_1.14.1/STM32CubeIDE/plugins/com.st.stm32cube.ide.mcu.externaltools.gnu-tools-for-stm32.11.3.rel1.win32_1.1.100.202309141235/tools/bin/../lib/gcc/arm-none-eabi/11.3.1/../../../../arm-none-eabi/lib/thumb/v7e-m+dp/hard\libc_nano.a(libc_a-mallocr.o)
                0x0000000020000204                __malloc_free_list
 .bss.__malloc_sbrk_start
                0x0000000020000208        0x4 C:/ST/STM32CubeIDE_1.14.1/STM32CubeIDE/plugins/com.st.stm32cube.ide.mcu.externaltools.gnu-tools-for-stm32.11.3.rel1.win32_1.1.100.202309141235/tools/bin/../lib/gcc/arm-none-eabi/11.3.1/../../../../arm-none-eabi/lib/thumb/v7e-m+dp/hard\libc_nano.a(libc_a-mallocr.o)
                0x0000000020000208                __malloc_sbrk_start
 *(COMMON)
                0x000000002000020c                . = ALIGN (0x4)
                0x000000002000020c                _ebss = .
                0x000000002000020c                __bss_end__ = _ebss

._user_heap_stack
                0x000000002000020c      0x604 load address 0x000000000800169c
                0x0000000020000210                . = ALIGN (0x8)
 *fill*         0x000000002000020c        0x4 
                0x0000000020000210                PROVIDE (end = .)
                [!provide]                        PROVIDE (_end = .)
                0x0000000020000410                . = (. + _Min_Heap_Size)
 *fill*         0x0000000020000210      0x200 
                0x0000000020000810                . = (. + _Min_Stack_Size)
 *fill*         0x0000000020000410      0x400 
                0x0000000020000810                . = ALIGN (0x8)

/DISCARD/
 libc.a(*)
 libm.a(*)
 libgcc.a(*)

.ARM.attributes
                0x0000000000000000       0x2e
 *(.ARM.attributes)
 .ARM.attributes
                0x0000000000000000       0x1e C:/ST/STM32CubeIDE_1.14.1/STM32CubeIDE/plugins/com.st.stm32cube.ide.mcu.externaltools.gnu-tools-for-stm32.11.3.rel1.win32_1.1.100.202309141235/tools/bin/../lib/gcc/arm-none-eabi/11.3.1/thumb/v7e-m+dp/hard/crti.o
 .ARM.attributes
                0x000000000000001e       0x32 C:/ST/STM32CubeIDE_1.14.1/STM32CubeIDE/plugins/com.st.stm32cube.ide.mcu.externaltools.gnu-tools-for-stm32.11.3.rel1.win32_1.1.100.202309141235/tools/bin/../lib/gcc/arm-none-eabi/11.3.1/thumb/v7e-m+dp/hard/crtbegin.o
 .ARM.attributes
                0x0000000000000050       0x32 ./Drivers/CMSIS/system_stm32f7xx.o
 .ARM.attributes
                0x0000000000000082       0x32 ./Drivers/STM32F7xx_LL_Driver/stm32f7xx_ll_utils.o
 .ARM.attributes
                0x00000000000000b4       0x21 ./Example/SW4STM32/startup_stm32f767xx.o
 .ARM.attributes
                0x00000000000000d5       0x32 ./Example/SW4STM32/syscalls.o
 .ARM.attributes
                0x0000000000000107       0x32 ./Example/User/main.o
 .ARM.attributes
                0x0000000000000139       0x32 ./Example/User/stm32f7xx_it.o
 .ARM.attributes
                0x000000000000016b       0x32 C:/ST/STM32CubeIDE_1.14.1/STM32CubeIDE/plugins/com.st.stm32cube.ide.mcu.externaltools.gnu-tools-for-stm32.11.3.rel1.win32_1.1.100.202309141235/tools/bin/../lib/gcc/arm-none-eabi/11.3.1/../../../../arm-none-eabi/lib/thumb/v7e-m+dp/hard\libc_nano.a(libc_a-findfp.o)
 .ARM.attributes
                0x000000000000019d       0x32 C:/ST/STM32CubeIDE_1.14.1/STM32CubeIDE/plugins/com.st.stm32cube.ide.mcu.externaltools.gnu-tools-for-stm32.11.3.rel1.win32_1.1.100.202309141235/tools/bin/../lib/gcc/arm-none-eabi/11.3.1/../../../../arm-none-eabi/lib/thumb/v7e-m+dp/hard\libc_nano.a(libc_a-sprintf.o)
 .ARM.attributes
                0x00000000000001cf       0x32 C:/ST/STM32CubeIDE_1.14.1/STM32CubeIDE/plugins/com.st.stm32cube.ide.mcu.externaltools.gnu-tools-for-stm32.11.3.rel1.win32_1.1.100.202309141235/tools/bin/../lib/gcc/arm-none-eabi/11.3.1/../../../../arm-none-eabi/lib/thumb/v7e-m+dp/hard\libc_nano.a(libc_a-strstr.o)
 .ARM.attributes
                0x0000000000000201       0x32 C:/ST/STM32CubeIDE_1.14.1/STM32CubeIDE/plugins/com.st.stm32cube.ide.mcu.externaltools.gnu-tools-for-stm32.11.3.rel1.win32_1.1.100.202309141235/tools/bin/../lib/gcc/arm-none-eabi/11.3.1/../../../../arm-none-eabi/lib/thumb/v7e-m+dp/hard\libc_nano.a(libc_a-reent.o)
 .ARM.attributes
                0x0000000000000233       0x32 C:/ST/STM32CubeIDE_1.14.1/STM32CubeIDE/plugins/com.st.stm32cube.ide.mcu.externaltools.gnu-tools-for-stm32.11.3.rel1.win32_1.1.100.202309141235/tools/bin/../lib/gcc/arm-none-eabi/11.3.1/../../../../arm-none-eabi/lib/thumb/v7e-m+dp/hard\libc_nano.a(libc_a-impure.o)
 .ARM.attributes
                0x0000000000000265       0x32 C:/ST/STM32CubeIDE_1.14.1/STM32CubeIDE/plugins/com.st.stm32cube.ide.mcu.externaltools.gnu-tools-for-stm32.11.3.rel1.win32_1.1.100.202309141235/tools/bin/../lib/gcc/arm-none-eabi/11.3.1/../../../../arm-none-eabi/lib/thumb/v7e-m+dp/hard\libc_nano.a(libc_a-errno.o)
 .ARM.attributes
                0x0000000000000297       0x32 C:/ST/STM32CubeIDE_1.14.1/STM32CubeIDE/plugins/com.st.stm32cube.ide.mcu.externaltools.gnu-tools-for-stm32.11.3.rel1.win32_1.1.100.202309141235/tools/bin/../lib/gcc/arm-none-eabi/11.3.1/../../../../arm-none-eabi/lib/thumb/v7e-m+dp/hard\libc_nano.a(libc_a-init.o)
 .ARM.attributes
                0x00000000000002c9       0x32 C:/ST/STM32CubeIDE_1.14.1/STM32CubeIDE/plugins/com.st.stm32cube.ide.mcu.externaltools.gnu-tools-for-stm32.11.3.rel1.win32_1.1.100.202309141235/tools/bin/../lib/gcc/arm-none-eabi/11.3.1/../../../../arm-none-eabi/lib/thumb/v7e-m+dp/hard\libc_nano.a(libc_a-lock.o)
 .ARM.attributes
                0x00000000000002fb       0x32 C:/ST/STM32CubeIDE_1.14.1/STM32CubeIDE/plugins/com.st.stm32cube.ide.mcu.externaltools.gnu-tools-for-stm32.11.3.rel1.win32_1.1.100.202309141235/tools/bin/../lib/gcc/arm-none-eabi/11.3.1/../../../../arm-none-eabi/lib/thumb/v7e-m+dp/hard\libc_nano.a(libc_a-freer.o)
 .ARM.attributes
                0x000000000000032d       0x32 C:/ST/STM32CubeIDE_1.14.1/STM32CubeIDE/plugins/com.st.stm32cube.ide.mcu.externaltools.gnu-tools-for-stm32.11.3.rel1.win32_1.1.100.202309141235/tools/bin/../lib/gcc/arm-none-eabi/11.3.1/../../../../arm-none-eabi/lib/thumb/v7e-m+dp/hard\libc_nano.a(libc_a-mallocr.o)
 .ARM.attributes
                0x000000000000035f       0x32 C:/ST/STM32CubeIDE_1.14.1/STM32CubeIDE/plugins/com.st.stm32cube.ide.mcu.externaltools.gnu-tools-for-stm32.11.3.rel1.win32_1.1.100.202309141235/tools/bin/../lib/gcc/arm-none-eabi/11.3.1/../../../../arm-none-eabi/lib/thumb/v7e-m+dp/hard\libc_nano.a(libc_a-mlock.o)
 .ARM.attributes
                0x0000000000000391       0x32 C:/ST/STM32CubeIDE_1.14.1/STM32CubeIDE/plugins/com.st.stm32cube.ide.mcu.externaltools.gnu-tools-for-stm32.11.3.rel1.win32_1.1.100.202309141235/tools/bin/../lib/gcc/arm-none-eabi/11.3.1/../../../../arm-none-eabi/lib/thumb/v7e-m+dp/hard\libc_nano.a(libc_a-nano-svfprintf.o)
 .ARM.attributes
                0x00000000000003c3       0x32 C:/ST/STM32CubeIDE_1.14.1/STM32CubeIDE/plugins/com.st.stm32cube.ide.mcu.externaltools.gnu-tools-for-stm32.11.3.rel1.win32_1.1.100.202309141235/tools/bin/../lib/gcc/arm-none-eabi/11.3.1/../../../../arm-none-eabi/lib/thumb/v7e-m+dp/hard\libc_nano.a(libc_a-nano-vfprintf_i.o)
 .ARM.attributes
                0x00000000000003f5       0x32 C:/ST/STM32CubeIDE_1.14.1/STM32CubeIDE/plugins/com.st.stm32cube.ide.mcu.externaltools.gnu-tools-for-stm32.11.3.rel1.win32_1.1.100.202309141235/tools/bin/../lib/gcc/arm-none-eabi/11.3.1/../../../../arm-none-eabi/lib/thumb/v7e-m+dp/hard\libc_nano.a(libc_a-memmove.o)
 .ARM.attributes
                0x0000000000000427       0x32 C:/ST/STM32CubeIDE_1.14.1/STM32CubeIDE/plugins/com.st.stm32cube.ide.mcu.externaltools.gnu-tools-for-stm32.11.3.rel1.win32_1.1.100.202309141235/tools/bin/../lib/gcc/arm-none-eabi/11.3.1/../../../../arm-none-eabi/lib/thumb/v7e-m+dp/hard\libc_nano.a(libc_a-sbrkr.o)
 .ARM.attributes
                0x0000000000000459       0x1c C:/ST/STM32CubeIDE_1.14.1/STM32CubeIDE/plugins/com.st.stm32cube.ide.mcu.externaltools.gnu-tools-for-stm32.11.3.rel1.win32_1.1.100.202309141235/tools/bin/../lib/gcc/arm-none-eabi/11.3.1/../../../../arm-none-eabi/lib/thumb/v7e-m+dp/hard\libc_nano.a(libc_a-memchr.o)
 .ARM.attributes
                0x0000000000000475       0x32 C:/ST/STM32CubeIDE_1.14.1/STM32CubeIDE/plugins/com.st.stm32cube.ide.mcu.externaltools.gnu-tools-for-stm32.11.3.rel1.win32_1.1.100.202309141235/tools/bin/../lib/gcc/arm-none-eabi/11.3.1/../../../../arm-none-eabi/lib/thumb/v7e-m+dp/hard\libc_nano.a(libc_a-memcpy-stub.o)
 .ARM.attributes
                0x00000000000004a7       0x32 C:/ST/STM32CubeIDE_1.14.1/STM32CubeIDE/plugins/com.st.stm32cube.ide.mcu.externaltools.gnu-tools-for-stm32.11.3.rel1.win32_1.1.100.202309141235/tools/bin/../lib/gcc/arm-none-eabi/11.3.1/../../../../arm-none-eabi/lib/thumb/v7e-m+dp/hard\libc_nano.a(libc_a-reallocr.o)
 .ARM.attributes
                0x00000000000004d9       0x32 C:/ST/STM32CubeIDE_1.14.1/STM32CubeIDE/plugins/com.st.stm32cube.ide.mcu.externaltools.gnu-tools-for-stm32.11.3.rel1.win32_1.1.100.202309141235/tools/bin/../lib/gcc/arm-none-eabi/11.3.1/../../../../arm-none-eabi/lib/thumb/v7e-m+dp/hard\libc_nano.a(libc_a-msizer.o)
 .ARM.attributes
                0x000000000000050b       0x1e C:/ST/STM32CubeIDE_1.14.1/STM32CubeIDE/plugins/com.st.stm32cube.ide.mcu.externaltools.gnu-tools-for-stm32.11.3.rel1.win32_1.1.100.202309141235/tools/bin/../lib/gcc/arm-none-eabi/11.3.1/thumb/v7e-m+dp/hard/crtn.o
OUTPUT(STM32F767ZI-Nucleo.elf elf32-littlearm)
LOAD linker stubs
LOAD C:/ST/STM32CubeIDE_1.14.1/STM32CubeIDE/plugins/com.st.stm32cube.ide.mcu.externaltools.gnu-tools-for-stm32.11.3.rel1.win32_1.1.100.202309141235/tools/bin/../lib/gcc/arm-none-eabi/11.3.1/../../../../arm-none-eabi/lib/thumb/v7e-m+dp/hard\libc.a
LOAD C:/ST/STM32CubeIDE_1.14.1/STM32CubeIDE/plugins/com.st.stm32cube.ide.mcu.externaltools.gnu-tools-for-stm32.11.3.rel1.win32_1.1.100.202309141235/tools/bin/../lib/gcc/arm-none-eabi/11.3.1/../../../../arm-none-eabi/lib/thumb/v7e-m+dp/hard\libm.a
LOAD C:/ST/STM32CubeIDE_1.14.1/STM32CubeIDE/plugins/com.st.stm32cube.ide.mcu.externaltools.gnu-tools-for-stm32.11.3.rel1.win32_1.1.100.202309141235/tools/bin/../lib/gcc/arm-none-eabi/11.3.1/thumb/v7e-m+dp/hard\libgcc.a

.comment        0x0000000000000000       0x43
 .comment       0x0000000000000000       0x43 C:/ST/STM32CubeIDE_1.14.1/STM32CubeIDE/plugins/com.st.stm32cube.ide.mcu.externaltools.gnu-tools-for-stm32.11.3.rel1.win32_1.1.100.202309141235/tools/bin/../lib/gcc/arm-none-eabi/11.3.1/thumb/v7e-m+dp/hard/crtbegin.o
                                         0x44 (size before relaxing)
 .comment       0x0000000000000043       0x44 ./Drivers/CMSIS/system_stm32f7xx.o
 .comment       0x0000000000000043       0x44 ./Drivers/STM32F7xx_LL_Driver/stm32f7xx_ll_utils.o
 .comment       0x0000000000000043       0x44 ./Example/SW4STM32/syscalls.o
 .comment       0x0000000000000043       0x44 ./Example/User/main.o
 .comment       0x0000000000000043       0x44 ./Example/User/stm32f7xx_it.o

.debug_info     0x0000000000000000     0x50da
 .debug_info    0x0000000000000000      0x6ff ./Drivers/CMSIS/system_stm32f7xx.o
 .debug_info    0x00000000000006ff      0xd1a ./Drivers/STM32F7xx_LL_Driver/stm32f7xx_ll_utils.o
 .debug_info    0x0000000000001419       0x23 ./Example/SW4STM32/startup_stm32f767xx.o
 .debug_info    0x000000000000143c      0x83b ./Example/SW4STM32/syscalls.o
 .debug_info    0x0000000000001c77     0x30a4 ./Example/User/main.o
 .debug_info    0x0000000000004d1b      0x3bf ./Example/User/stm32f7xx_it.o

.debug_abbrev   0x0000000000000000      0xd18
 .debug_abbrev  0x0000000000000000      0x141 ./Drivers/CMSIS/system_stm32f7xx.o
 .debug_abbrev  0x0000000000000141      0x366 ./Drivers/STM32F7xx_LL_Driver/stm32f7xx_ll_utils.o
 .debug_abbrev  0x00000000000004a7       0x12 ./Example/SW4STM32/startup_stm32f767xx.o
 .debug_abbrev  0x00000000000004b9      0x22d ./Example/SW4STM32/syscalls.o
 .debug_abbrev  0x00000000000006e6      0x464 ./Example/User/main.o
 .debug_abbrev  0x0000000000000b4a      0x1ce ./Example/User/stm32f7xx_it.o

.debug_loclists
                0x0000000000000000     0x14e3
 .debug_loclists
                0x0000000000000000       0xc4 ./Drivers/CMSIS/system_stm32f7xx.o
 .debug_loclists
                0x00000000000000c4      0x4bb ./Drivers/STM32F7xx_LL_Driver/stm32f7xx_ll_utils.o
 .debug_loclists
                0x000000000000057f      0x2ef ./Example/SW4STM32/syscalls.o
 .debug_loclists
                0x000000000000086e      0xc2d ./Example/User/main.o
 .debug_loclists
                0x000000000000149b       0x48 ./Example/User/stm32f7xx_it.o

.debug_aranges  0x0000000000000000      0x248
 .debug_aranges
                0x0000000000000000       0x28 ./Drivers/CMSIS/system_stm32f7xx.o
 .debug_aranges
                0x0000000000000028       0x58 ./Drivers/STM32F7xx_LL_Driver/stm32f7xx_ll_utils.o
 .debug_aranges
                0x0000000000000080       0x28 ./Example/SW4STM32/startup_stm32f767xx.o
 .debug_aranges
                0x00000000000000a8       0xb0 ./Example/SW4STM32/syscalls.o
 .debug_aranges
                0x0000000000000158       0xa0 ./Example/User/main.o
 .debug_aranges
                0x00000000000001f8       0x50 ./Example/User/stm32f7xx_it.o

.debug_rnglists
                0x0000000000000000      0x4b2
 .debug_rnglists
                0x0000000000000000       0x19 ./Drivers/CMSIS/system_stm32f7xx.o
 .debug_rnglists
                0x0000000000000019       0xdc ./Drivers/STM32F7xx_LL_Driver/stm32f7xx_ll_utils.o
 .debug_rnglists
                0x00000000000000f5       0x19 ./Example/SW4STM32/startup_stm32f767xx.o
 .debug_rnglists
                0x000000000000010e       0x8b ./Example/SW4STM32/syscalls.o
 .debug_rnglists
                0x0000000000000199      0x2e2 ./Example/User/main.o
 .debug_rnglists
                0x000000000000047b       0x37 ./Example/User/stm32f7xx_it.o

.debug_macro    0x0000000000000000    0x2060d
 .debug_macro   0x0000000000000000       0xd8 ./Drivers/CMSIS/system_stm32f7xx.o
 .debug_macro   0x00000000000000d8      0xacc ./Drivers/CMSIS/system_stm32f7xx.o
 .debug_macro   0x0000000000000ba4       0x2e ./Drivers/CMSIS/system_stm32f7xx.o
 .debug_macro   0x0000000000000bd2       0x3b ./Drivers/CMSIS/system_stm32f7xx.o
 .debug_macro   0x0000000000000c0d       0x22 ./Drivers/CMSIS/system_stm32f7xx.o
 .debug_macro   0x0000000000000c2f       0x8e ./Drivers/CMSIS/system_stm32f7xx.o
 .debug_macro   0x0000000000000cbd       0x51 ./Drivers/CMSIS/system_stm32f7xx.o
 .debug_macro   0x0000000000000d0e      0x103 ./Drivers/CMSIS/system_stm32f7xx.o
 .debug_macro   0x0000000000000e11       0x6a ./Drivers/CMSIS/system_stm32f7xx.o
 .debug_macro   0x0000000000000e7b      0x1df ./Drivers/CMSIS/system_stm32f7xx.o
 .debug_macro   0x000000000000105a       0x1c ./Drivers/CMSIS/system_stm32f7xx.o
 .debug_macro   0x0000000000001076       0x22 ./Drivers/CMSIS/system_stm32f7xx.o
 .debug_macro   0x0000000000001098       0xd9 ./Drivers/CMSIS/system_stm32f7xx.o
 .debug_macro   0x0000000000001171     0x12cd ./Drivers/CMSIS/system_stm32f7xx.o
 .debug_macro   0x000000000000243e      0x11f ./Drivers/CMSIS/system_stm32f7xx.o
 .debug_macro   0x000000000000255d       0x19 ./Drivers/CMSIS/system_stm32f7xx.o
 .debug_macro   0x0000000000002576    0x1aa23 ./Drivers/CMSIS/system_stm32f7xx.o
 .debug_macro   0x000000000001cf99       0x6d ./Drivers/CMSIS/system_stm32f7xx.o
 .debug_macro   0x000000000001d006      0x1db ./Drivers/STM32F7xx_LL_Driver/stm32f7xx_ll_utils.o
 .debug_macro   0x000000000001d1e1       0x5b ./Drivers/STM32F7xx_LL_Driver/stm32f7xx_ll_utils.o
 .debug_macro   0x000000000001d23c      0xc14 ./Drivers/STM32F7xx_LL_Driver/stm32f7xx_ll_utils.o
 .debug_macro   0x000000000001de50      0x279 ./Drivers/STM32F7xx_LL_Driver/stm32f7xx_ll_utils.o
 .debug_macro   0x000000000001e0c9      0x12f ./Drivers/STM32F7xx_LL_Driver/stm32f7xx_ll_utils.o
 .debug_macro   0x000000000001e1f8      0x274 ./Example/SW4STM32/syscalls.o
 .debug_macro   0x000000000001e46c       0x5b ./Example/SW4STM32/syscalls.o
 .debug_macro   0x000000000001e4c7       0x29 ./Example/SW4STM32/syscalls.o
 .debug_macro   0x000000000001e4f0       0x94 ./Example/SW4STM32/syscalls.o
 .debug_macro   0x000000000001e584       0x43 ./Example/SW4STM32/syscalls.o
 .debug_macro   0x000000000001e5c7       0x34 ./Example/SW4STM32/syscalls.o
 .debug_macro   0x000000000001e5fb       0x57 ./Example/SW4STM32/syscalls.o
 .debug_macro   0x000000000001e652      0x174 ./Example/SW4STM32/syscalls.o
 .debug_macro   0x000000000001e7c6      0x369 ./Example/SW4STM32/syscalls.o
 .debug_macro   0x000000000001eb2f       0x16 ./Example/SW4STM32/syscalls.o
 .debug_macro   0x000000000001eb45       0x43 ./Example/SW4STM32/syscalls.o
 .debug_macro   0x000000000001eb88       0x34 ./Example/SW4STM32/syscalls.o
 .debug_macro   0x000000000001ebbc       0x10 ./Example/SW4STM32/syscalls.o
 .debug_macro   0x000000000001ebcc       0x58 ./Example/SW4STM32/syscalls.o
 .debug_macro   0x000000000001ec24       0x8e ./Example/SW4STM32/syscalls.o
 .debug_macro   0x000000000001ecb2       0x1c ./Example/SW4STM32/syscalls.o
 .debug_macro   0x000000000001ecce      0x177 ./Example/SW4STM32/syscalls.o
 .debug_macro   0x000000000001ee45       0x10 ./Example/SW4STM32/syscalls.o
 .debug_macro   0x000000000001ee55       0x35 ./Example/SW4STM32/syscalls.o
 .debug_macro   0x000000000001ee8a       0x10 ./Example/SW4STM32/syscalls.o
 .debug_macro   0x000000000001ee9a       0x10 ./Example/SW4STM32/syscalls.o
 .debug_macro   0x000000000001eeaa       0x10 ./Example/SW4STM32/syscalls.o
 .debug_macro   0x000000000001eeba       0x1c ./Example/SW4STM32/syscalls.o
 .debug_macro   0x000000000001eed6       0x52 ./Example/SW4STM32/syscalls.o
 .debug_macro   0x000000000001ef28       0x22 ./Example/SW4STM32/syscalls.o
 .debug_macro   0x000000000001ef4a       0x10 ./Example/SW4STM32/syscalls.o
 .debug_macro   0x000000000001ef5a       0x52 ./Example/SW4STM32/syscalls.o
 .debug_macro   0x000000000001efac       0xcf ./Example/SW4STM32/syscalls.o
 .debug_macro   0x000000000001f07b       0x1c ./Example/SW4STM32/syscalls.o
 .debug_macro   0x000000000001f097       0x3d ./Example/SW4STM32/syscalls.o
 .debug_macro   0x000000000001f0d4       0x35 ./Example/SW4STM32/syscalls.o
 .debug_macro   0x000000000001f109      0x12c ./Example/SW4STM32/syscalls.o
 .debug_macro   0x000000000001f235       0x16 ./Example/SW4STM32/syscalls.o
 .debug_macro   0x000000000001f24b       0x16 ./Example/SW4STM32/syscalls.o
 .debug_macro   0x000000000001f261       0x29 ./Example/SW4STM32/syscalls.o
 .debug_macro   0x000000000001f28a       0x10 ./Example/SW4STM32/syscalls.o
 .debug_macro   0x000000000001f29a      0x242 ./Example/SW4STM32/syscalls.o
 .debug_macro   0x000000000001f4dc       0x1c ./Example/SW4STM32/syscalls.o
 .debug_macro   0x000000000001f4f8       0x10 ./Example/SW4STM32/syscalls.o
 .debug_macro   0x000000000001f508       0x10 ./Example/SW4STM32/syscalls.o
 .debug_macro   0x000000000001f518       0x16 ./Example/SW4STM32/syscalls.o
 .debug_macro   0x000000000001f52e      0x147 ./Example/SW4STM32/syscalls.o
 .debug_macro   0x000000000001f675      0x18a ./Example/SW4STM32/syscalls.o
 .debug_macro   0x000000000001f7ff       0x16 ./Example/SW4STM32/syscalls.o
 .debug_macro   0x000000000001f815       0xce ./Example/SW4STM32/syscalls.o
 .debug_macro   0x000000000001f8e3      0x299 ./Example/User/main.o
 .debug_macro   0x000000000001fb7c      0x269 ./Example/User/main.o
 .debug_macro   0x000000000001fde5       0x61 ./Example/User/main.o
 .debug_macro   0x000000000001fe46      0x149 ./Example/User/main.o
 .debug_macro   0x000000000001ff8f       0xf4 ./Example/User/main.o
 .debug_macro   0x0000000000020083      0x2f7 ./Example/User/main.o
 .debug_macro   0x000000000002037a       0xb3 ./Example/User/main.o
 .debug_macro   0x000000000002042d       0x61 ./Example/User/main.o
 .debug_macro   0x000000000002048e       0x10 ./Example/User/main.o
 .debug_macro   0x000000000002049e       0x20 ./Example/User/main.o
 .debug_macro   0x00000000000204be       0x1c ./Example/User/main.o
 .debug_macro   0x00000000000204da      0x133 ./Example/User/stm32f7xx_it.o

.debug_line     0x0000000000000000     0x3e9a
 .debug_line    0x0000000000000000      0x635 ./Drivers/CMSIS/system_stm32f7xx.o
 .debug_line    0x0000000000000635      0xc7b ./Drivers/STM32F7xx_LL_Driver/stm32f7xx_ll_utils.o
 .debug_line    0x00000000000012b0       0x77 ./Example/SW4STM32/startup_stm32f767xx.o
 .debug_line    0x0000000000001327      0xa2c ./Example/SW4STM32/syscalls.o
 .debug_line    0x0000000000001d53     0x19c6 ./Example/User/main.o
 .debug_line    0x0000000000003719      0x781 ./Example/User/stm32f7xx_it.o

.debug_str      0x0000000000000000    0xb858d
 .debug_str     0x0000000000000000    0xa350b ./Drivers/CMSIS/system_stm32f7xx.o
                                      0xa36bb (size before relaxing)
 .debug_str     0x00000000000a350b     0xb17b ./Drivers/STM32F7xx_LL_Driver/stm32f7xx_ll_utils.o
                                      0xae64a (size before relaxing)
 .debug_str     0x00000000000ae686       0x97 ./Example/SW4STM32/startup_stm32f767xx.o
                                        0x125 (size before relaxing)
 .debug_str     0x00000000000ae71d     0x5b64 ./Example/SW4STM32/syscalls.o
                                       0x9a08 (size before relaxing)
 .debug_str     0x00000000000b4281     0x417f ./Example/User/main.o
                                      0xb4cea (size before relaxing)
 .debug_str     0x00000000000b8400      0x18d ./Example/User/stm32f7xx_it.o
                                      0xb00b8 (size before relaxing)

.debug_frame    0x0000000000000000      0xad8
 .debug_frame   0x0000000000000000       0x30 ./Drivers/CMSIS/system_stm32f7xx.o
 .debug_frame   0x0000000000000030       0xec ./Drivers/STM32F7xx_LL_Driver/stm32f7xx_ll_utils.o
 .debug_frame   0x000000000000011c      0x1a8 ./Example/SW4STM32/syscalls.o
 .debug_frame   0x00000000000002c4      0x1c4 ./Example/User/main.o
 .debug_frame   0x0000000000000488       0xc0 ./Example/User/stm32f7xx_it.o
 .debug_frame   0x0000000000000548      0x144 C:/ST/STM32CubeIDE_1.14.1/STM32CubeIDE/plugins/com.st.stm32cube.ide.mcu.externaltools.gnu-tools-for-stm32.11.3.rel1.win32_1.1.100.202309141235/tools/bin/../lib/gcc/arm-none-eabi/11.3.1/../../../../arm-none-eabi/lib/thumb/v7e-m+dp/hard\libc_nano.a(libc_a-findfp.o)
 .debug_frame   0x000000000000068c       0x6c C:/ST/STM32CubeIDE_1.14.1/STM32CubeIDE/plugins/com.st.stm32cube.ide.mcu.externaltools.gnu-tools-for-stm32.11.3.rel1.win32_1.1.100.202309141235/tools/bin/../lib/gcc/arm-none-eabi/11.3.1/../../../../arm-none-eabi/lib/thumb/v7e-m+dp/hard\libc_nano.a(libc_a-sprintf.o)
 .debug_frame   0x00000000000006f8       0x2c C:/ST/STM32CubeIDE_1.14.1/STM32CubeIDE/plugins/com.st.stm32cube.ide.mcu.externaltools.gnu-tools-for-stm32.11.3.rel1.win32_1.1.100.202309141235/tools/bin/../lib/gcc/arm-none-eabi/11.3.1/../../../../arm-none-eabi/lib/thumb/v7e-m+dp/hard\libc_nano.a(libc_a-strstr.o)
 .debug_frame   0x0000000000000724       0x38 C:/ST/STM32CubeIDE_1.14.1/STM32CubeIDE/plugins/com.st.stm32cube.ide.mcu.externaltools.gnu-tools-for-stm32.11.3.rel1.win32_1.1.100.202309141235/tools/bin/../lib/gcc/arm-none-eabi/11.3.1/../../../../arm-none-eabi/lib/thumb/v7e-m+dp/hard\libc_nano.a(libc_a-reent.o)
 .debug_frame   0x000000000000075c       0x20 C:/ST/STM32CubeIDE_1.14.1/STM32CubeIDE/plugins/com.st.stm32cube.ide.mcu.externaltools.gnu-tools-for-stm32.11.3.rel1.win32_1.1.100.202309141235/tools/bin/../lib/gcc/arm-none-eabi/11.3.1/../../../../arm-none-eabi/lib/thumb/v7e-m+dp/hard\libc_nano.a(libc_a-errno.o)
 .debug_frame   0x000000000000077c       0x2c C:/ST/STM32CubeIDE_1.14.1/STM32CubeIDE/plugins/com.st.stm32cube.ide.mcu.externaltools.gnu-tools-for-stm32.11.3.rel1.win32_1.1.100.202309141235/tools/bin/../lib/gcc/arm-none-eabi/11.3.1/../../../../arm-none-eabi/lib/thumb/v7e-m+dp/hard\libc_nano.a(libc_a-init.o)
 .debug_frame   0x00000000000007a8       0xb0 C:/ST/STM32CubeIDE_1.14.1/STM32CubeIDE/plugins/com.st.stm32cube.ide.mcu.externaltools.gnu-tools-for-stm32.11.3.rel1.win32_1.1.100.202309141235/tools/bin/../lib/gcc/arm-none-eabi/11.3.1/../../../../arm-none-eabi/lib/thumb/v7e-m+dp/hard\libc_nano.a(libc_a-lock.o)
 .debug_frame   0x0000000000000858       0x38 C:/ST/STM32CubeIDE_1.14.1/STM32CubeIDE/plugins/com.st.stm32cube.ide.mcu.externaltools.gnu-tools-for-stm32.11.3.rel1.win32_1.1.100.202309141235/tools/bin/../lib/gcc/arm-none-eabi/11.3.1/../../../../arm-none-eabi/lib/thumb/v7e-m+dp/hard\libc_nano.a(libc_a-freer.o)
 .debug_frame   0x0000000000000890       0x50 C:/ST/STM32CubeIDE_1.14.1/STM32CubeIDE/plugins/com.st.stm32cube.ide.mcu.externaltools.gnu-tools-for-stm32.11.3.rel1.win32_1.1.100.202309141235/tools/bin/../lib/gcc/arm-none-eabi/11.3.1/../../../../arm-none-eabi/lib/thumb/v7e-m+dp/hard\libc_nano.a(libc_a-mallocr.o)
 .debug_frame   0x00000000000008e0       0x30 C:/ST/STM32CubeIDE_1.14.1/STM32CubeIDE/plugins/com.st.stm32cube.ide.mcu.externaltools.gnu-tools-for-stm32.11.3.rel1.win32_1.1.100.202309141235/tools/bin/../lib/gcc/arm-none-eabi/11.3.1/../../../../arm-none-eabi/lib/thumb/v7e-m+dp/hard\libc_nano.a(libc_a-mlock.o)
 .debug_frame   0x0000000000000910       0x90 C:/ST/STM32CubeIDE_1.14.1/STM32CubeIDE/plugins/com.st.stm32cube.ide.mcu.externaltools.gnu-tools-for-stm32.11.3.rel1.win32_1.1.100.202309141235/tools/bin/../lib/gcc/arm-none-eabi/11.3.1/../../../../arm-none-eabi/lib/thumb/v7e-m+dp/hard\libc_nano.a(libc_a-nano-svfprintf.o)
 .debug_frame   0x00000000000009a0       0x60 C:/ST/STM32CubeIDE_1.14.1/STM32CubeIDE/plugins/com.st.stm32cube.ide.mcu.externaltools.gnu-tools-for-stm32.11.3.rel1.win32_1.1.100.202309141235/tools/bin/../lib/gcc/arm-none-eabi/11.3.1/../../../../arm-none-eabi/lib/thumb/v7e-m+dp/hard\libc_nano.a(libc_a-nano-vfprintf_i.o)
 .debug_frame   0x0000000000000a00       0x28 C:/ST/STM32CubeIDE_1.14.1/STM32CubeIDE/plugins/com.st.stm32cube.ide.mcu.externaltools.gnu-tools-for-stm32.11.3.rel1.win32_1.1.100.202309141235/tools/bin/../lib/gcc/arm-none-eabi/11.3.1/../../../../arm-none-eabi/lib/thumb/v7e-m+dp/hard\libc_nano.a(libc_a-memmove.o)
 .debug_frame   0x0000000000000a28       0x2c C:/ST/STM32CubeIDE_1.14.1/STM32CubeIDE/plugins/com.st.stm32cube.ide.mcu.externaltools.gnu-tools-for-stm32.11.3.rel1.win32_1.1.100.202309141235/tools/bin/../lib/gcc/arm-none-eabi/11.3.1/../../../../arm-none-eabi/lib/thumb/v7e-m+dp/hard\libc_nano.a(libc_a-sbrkr.o)
 .debug_frame   0x0000000000000a54       0x28 C:/ST/STM32CubeIDE_1.14.1/STM32CubeIDE/plugins/com.st.stm32cube.ide.mcu.externaltools.gnu-tools-for-stm32.11.3.rel1.win32_1.1.100.202309141235/tools/bin/../lib/gcc/arm-none-eabi/11.3.1/../../../../arm-none-eabi/lib/thumb/v7e-m+dp/hard\libc_nano.a(libc_a-memcpy-stub.o)
 .debug_frame   0x0000000000000a7c       0x3c C:/ST/STM32CubeIDE_1.14.1/STM32CubeIDE/plugins/com.st.stm32cube.ide.mcu.externaltools.gnu-tools-for-stm32.11.3.rel1.win32_1.1.100.202309141235/tools/bin/../lib/gcc/arm-none-eabi/11.3.1/../../../../arm-none-eabi/lib/thumb/v7e-m+dp/hard\libc_nano.a(libc_a-reallocr.o)
 .debug_frame   0x0000000000000ab8       0x20 C:/ST/STM32CubeIDE_1.14.1/STM32CubeIDE/plugins/com.st.stm32cube.ide.mcu.externaltools.gnu-tools-for-stm32.11.3.rel1.win32_1.1.100.202309141235/tools/bin/../lib/gcc/arm-none-eabi/11.3.1/../../../../arm-none-eabi/lib/thumb/v7e-m+dp/hard\libc_nano.a(libc_a-msizer.o)

.debug_line_str
                0x0000000000000000      0x119
 .debug_line_str
                0x0000000000000000      0x119 ./Example/SW4STM32/startup_stm32f767xx.o
                                        0x12f (size before relaxing)
