C:/Users/ricar/Documents/MAESTRIA CETYS 2024/ADM. TAREAS EN TIEMPO REAL/workspace/USART_Communication_Rx_IT/Drivers/STM32F7xx_HAL_Driver/Src/stm32f7xx_ll_utils.c:648:20:UTILS_PLL_IsBusy	0	static
C:/Users/ricar/Documents/MAESTRIA CETYS 2024/ADM. TAREAS EN TIEMPO REAL/workspace/USART_Communication_Rx_IT/Drivers/STM32F7xx_HAL_Driver/Src/stm32f7xx_ll_utils.c:218:6:LL_Init1msTick	0	static
C:/Users/ricar/Documents/MAESTRIA CETYS 2024/ADM. TAREAS EN TIEMPO REAL/workspace/USART_Communication_Rx_IT/Drivers/STM32F7xx_HAL_Driver/Src/stm32f7xx_ll_utils.c:234:6:LL_mDelay	8	static
C:/Users/ricar/Documents/MAESTRIA CETYS 2024/ADM. TAREAS EN TIEMPO REAL/workspace/USART_Communication_Rx_IT/Drivers/STM32F7xx_HAL_Driver/Src/stm32f7xx_ll_utils.c:311:6:LL_SetSystemCoreClock	0	static
C:/Users/ricar/Documents/MAESTRIA CETYS 2024/ADM. TAREAS EN TIEMPO REAL/workspace/USART_Communication_Rx_IT/Drivers/STM32F7xx_HAL_Driver/Src/stm32f7xx_ll_utils.c:326:13:LL_SetFlashLatency	0	static
C:/Users/ricar/Documents/MAESTRIA CETYS 2024/ADM. TAREAS EN TIEMPO REAL/workspace/USART_Communication_Rx_IT/Drivers/STM32F7xx_HAL_Driver/Src/stm32f7xx_ll_utils.c:683:20:UTILS_EnablePLLAndSwitchSystem	24	static
C:/Users/ricar/Documents/MAESTRIA CETYS 2024/ADM. TAREAS EN TIEMPO REAL/workspace/USART_Communication_Rx_IT/Drivers/STM32F7xx_HAL_Driver/Src/stm32f7xx_ll_utils.c:488:13:LL_PLL_ConfigSystemClock_HSI	32	static
C:/Users/ricar/Documents/MAESTRIA CETYS 2024/ADM. TAREAS EN TIEMPO REAL/workspace/USART_Communication_Rx_IT/Drivers/STM32F7xx_HAL_Driver/Src/stm32f7xx_ll_utils.c:546:13:LL_PLL_ConfigSystemClock_HSE	32	static
