../Core/Src/main.c:83:6:HAL_TIM_PeriodElapsedCallback	16	static
../Core/Src/main.c:95:6:ToggleLEDTask	8	static
../Core/Src/main.c:108:6:ReadButtonTask	16	static
../Core/Src/main.c:131:6:UARTTransmitTask	8	static
../Core/Src/main.c:155:5:main	8	static
../Core/Src/main.c:215:6:SystemClock_Config	88	static
../Core/Src/main.c:257:13:MX_TIM2_Init	40	static
../Core/Src/main.c:302:13:MX_TIM3_Init	40	static
../Core/Src/main.c:347:13:MX_USART3_UART_Init	8	static
../Core/Src/main.c:382:13:MX_GPIO_Init	40	static
../Core/Src/main.c:421:6:Error_Handler	4	static,ignoring_inline_asm
