../Core/Src/main.c:129:10:generate_random	24	static
../Core/Src/main.c:143:7:generate_random_float	24	static
../Core/Src/main.c:154:9:calculate_nmea_checksum	24	static
../Core/Src/main.c:168:6:generate_gps_string	208	static
../Core/Src/main.c:216:5:uart_printf	536	static
../Core/Src/main.c:243:5:main	16	static
../Core/Src/main.c:353:6:SystemClock_Config	88	static
../Core/Src/main.c:395:13:MX_USART3_UART_Init	8	static
../Core/Src/main.c:430:13:MX_GPIO_Init	16	static
../Core/Src/main.c:453:6:speedTaskHook	24	static
../Core/Src/main.c:483:6:gpsTaksHook	144	static
../Core/Src/main.c:516:6:temperatureTaskHook	24	static
../Core/Src/main.c:546:6:bufferRenderingTaskHook	152	static
../Core/Src/main.c:591:6:MPU_Config	24	static
../Core/Src/main.c:622:6:Error_Handler	4	static,ignoring_inline_asm
